
> the-arena-frontend@0.1.0 build
> next build

Γû▓ Next.js 16.1.6 (Turbopack)

  Creating an optimized production build ...

> Build error occurred
Error: Turbopack build failed with 5 errors:
./src/app/venue-dashboard/page.tsx:21:19
Ecmascript file had an error
  19 |     const [selectedVenue, setSelectedVenue] = useState<Venue | null>(null);
  20 |     const [stats, setStats] = useState<DashboardStats | null>(null);
> 21 |     const [stats, setStats] = useState<DashboardStats | null>(null);
     |                   ^^^^^^^^
  22 |
  23 |     useEffect(() => {
  24 |         if (user && (isVenueOwner || isVenueManager)) {

the name `setStats` is defined multiple times

Import traces:
  Client Component Browser:
    ./src/app/venue-dashboard/page.tsx [Client Component Browser]
    ./src/app/venue-dashboard/page.tsx [Server Component]

  Client Component SSR:
    ./src/app/venue-dashboard/page.tsx [Client Component SSR]
    ./src/app/venue-dashboard/page.tsx [Server Component]


./src/app/venue-dashboard/page.tsx:21:12
Ecmascript file had an error
  19 |     const [selectedVenue, setSelectedVenue] = useState<Venue | null>(null);
  20 |     const [stats, setStats] = useState<DashboardStats | null>(null);
> 21 |     const [stats, setStats] = useState<DashboardStats | null>(null);
     |            ^^^^^
  22 |
  23 |     useEffect(() => {
  24 |         if (user && (isVenueOwner || isVenueManager)) {

the name `stats` is defined multiple times

Import traces:
  Client Component Browser:
    ./src/app/venue-dashboard/page.tsx [Client Component Browser]
    ./src/app/venue-dashboard/page.tsx [Server Component]

  Client Component SSR:
    ./src/app/venue-dashboard/page.tsx [Client Component SSR]
    ./src/app/venue-dashboard/page.tsx [Server Component]


./src/components/ui/Button.tsx:2:17
Ecmascript file had an error
  1 |
> 2 | import React, { useRef } from "react";
    |                 ^^^^^^
  3 | import gsap from "gsap";
  4 | import { useGSAP } from "@gsap/react";
  5 | import Link from "next/link";

You're importing a component that needs `useRef`. This React Hook only works in a Client Component. To fix, mark the file (or its parent) with the `"use client"` directive.

 Learn more: https://nextjs.org/docs/app/api-reference/directives/use-client



Import traces:
  Server Component:
    ./src/components/ui/Button.tsx
    ./src/app/not-found.tsx

  Client Component Browser:
    ./src/components/ui/Button.tsx [Client Component Browser]
    ./src/app/forgot-password/page.tsx [Client Component Browser]
    ./src/app/forgot-password/page.tsx [Server Component]

  Client Component SSR:
    ./src/components/ui/Button.tsx [Client Component SSR]
    ./src/app/forgot-password/page.tsx [Client Component SSR]
    ./src/app/forgot-password/page.tsx [Server Component]


./src/app/signup/player/page.tsx:9:1
Module not found: Can't resolve '@hookform/resolvers/zod'
   7 | import { useForm } from "react-hook-form";
   8 | import { z } from "zod";
>  9 | import { zodResolver } from "@hookform/resolvers/zod";
     | ^^^^^^^^^^^^^^^^^^^^^^^^^^^^^^^^^^^^^^^^^^^^^^^^^^^^^^
  10 | import Button from "@/components/ui/Button";
  11 | import { ArrowLeft, Loader2, Check } from "lucide-react";
  12 | import { authService } from "@/services/authService";



Import traces:
  Client Component Browser:
    ./src/app/signup/player/page.tsx [Client Component Browser]
    ./src/app/signup/player/page.tsx [Server Component]

  Client Component SSR:
    ./src/app/signup/player/page.tsx [Client Component SSR]
    ./src/app/signup/player/page.tsx [Server Component]

https://nextjs.org/docs/messages/module-not-found


./src/app/signup/venue/page.tsx:9:1
Module not found: Can't resolve '@hookform/resolvers/zod'
   7 | import { useForm } from "react-hook-form";
   8 | import { z } from "zod";
>  9 | import { zodResolver } from "@hookform/resolvers/zod";
     | ^^^^^^^^^^^^^^^^^^^^^^^^^^^^^^^^^^^^^^^^^^^^^^^^^^^^^^
  10 | import Button from "@/components/ui/Button";
  11 | import { ArrowLeft, Loader2, Building2 } from "lucide-react";
  12 | import { authService } from "@/services/authService";



Import traces:
  Client Component Browser:
    ./src/app/signup/venue/page.tsx [Client Component Browser]
    ./src/app/signup/venue/page.tsx [Server Component]

  Client Component SSR:
    ./src/app/signup/venue/page.tsx [Client Component SSR]
    ./src/app/signup/venue/page.tsx [Server Component]

https://nextjs.org/docs/messages/module-not-found


    at <unknown> (./src/app/venue-dashboard/page.tsx:21:19)
    at <unknown> (./src/app/venue-dashboard/page.tsx:21:12)
    at <unknown> (./src/components/ui/Button.tsx:2:17)
    at <unknown> (./src/app/signup/player/page.tsx:9:1)
    at <unknown> (https://nextjs.org/docs/messages/module-not-found)
    at <unknown> (./src/app/signup/venue/page.tsx:9:1)
    at <unknown> (https://nextjs.org/docs/messages/module-not-found)
