src/app/book/[venueId]/page.tsx(46,38): error TS2339: Property 'sport' does not exist on type 'Venue'.
src/app/book/[venueId]/page.tsx(98,17): error TS2353: Object literal may only specify known properties, and 'user_id' does not exist in type 'CreateBookingRequest'.
src/app/book/[venueId]/page.tsx(153,48): error TS2339: Property 'sport' does not exist on type 'Venue'.
src/app/book/[venueId]/page.tsx(153,70): error TS7006: Parameter 's' implicitly has an 'any' type.
src/app/book/[venueId]/page.tsx(208,50): error TS2367: This comparison appears to be unintentional because the types '{ id: string; name: string; }' and 'string' have no overlap.
src/app/book/[venueId]/page.tsx(216,94): error TS2339: Property 'surface_type' does not exist on type 'Court'.
src/app/bookings/[id]/confirm/page.tsx(23,39): error TS2554: Expected 0 arguments, but got 1.
src/app/bookings/[id]/page.tsx(66,50): error TS2339: Property 'sport' does not exist on type 'Booking'.
src/app/bookings/page.tsx(21,39): error TS2554: Expected 0 arguments, but got 1.
src/app/bookings/page.tsx(126,34): error TS2339: Property 'sport' does not exist on type 'Booking'.
src/app/challenges/page.tsx(18,41): error TS2554: Expected 0 arguments, but got 1.
src/app/dashboard/page.tsx(25,36): error TS2554: Expected 0 arguments, but got 1.
src/app/dashboard/page.tsx(28,39): error TS2554: Expected 0 arguments, but got 1.
src/app/dashboard/page.tsx(133,98): error TS2339: Property 'sport' does not exist on type 'Booking'.
src/app/dashboard/page.tsx(194,34): error TS2339: Property 'sport' does not exist on type 'Booking'.
src/app/profile/page.tsx(23,36): error TS2554: Expected 0 arguments, but got 1.
src/app/profile/page.tsx(24,39): error TS2554: Expected 0 arguments, but got 1.
src/app/profile/page.tsx(25,41): error TS2554: Expected 0 arguments, but got 1.
src/app/profile/page.tsx(194,132): error TS2339: Property 'sport' does not exist on type 'Booking'.
src/app/profile/password/page.tsx(36,80): error TS2554: Expected 2 arguments, but got 3.
src/app/profile/settings/page.tsx(47,55): error TS2554: Expected 1 arguments, but got 2.
src/app/profile/settings/page.tsx(61,56): error TS2554: Expected 1 arguments, but got 2.
src/app/reviews/page.tsx(22,40): error TS2554: Expected 0 arguments, but got 1.
src/app/venue-dashboard/bookings/page.tsx(183,105): error TS2339: Property 'sport' does not exist on type 'Booking'.
src/app/venue-dashboard/closures/page.tsx(126,58): error TS2339: Property 'type' does not exist on type 'Closure'.
src/app/venue-dashboard/closures/page.tsx(129,100): error TS2339: Property 'title' does not exist on type 'Closure'.
src/app/venue-dashboard/closures/page.tsx(133,74): error TS2339: Property 'start_date' does not exist on type 'Closure'.
src/app/venue-dashboard/closures/page.tsx(133,164): error TS2339: Property 'end_date' does not exist on type 'Closure'.
src/app/venue-dashboard/closures/page.tsx(145,54): error TS2339: Property 'courts' does not exist on type 'Closure'.
src/app/venue-dashboard/closures/page.tsx(145,72): error TS2339: Property 'courts' does not exist on type 'Closure'.
src/app/venue-dashboard/closures/page.tsx(145,100): error TS2339: Property 'courts' does not exist on type 'Closure'.
src/app/venue-dashboard/closures/page.tsx(145,112): error TS7006: Parameter 'courtId' implicitly has an 'any' type.
src/app/venue-dashboard/closures/page.tsx(145,121): error TS7006: Parameter 'idx' implicitly has an 'any' type.
src/app/venue-dashboard/courts/page.tsx(108,40): error TS2339: Property 'images' does not exist on type 'Court'.
src/app/venue-dashboard/courts/page.tsx(108,56): error TS2339: Property 'images' does not exist on type 'Court'.
src/app/venue-dashboard/courts/page.tsx(109,53): error TS2339: Property 'images' does not exist on type 'Court'.
src/app/venue-dashboard/courts/page.tsx(130,41): error TS2322: Type '{ id: string; name: string; }' is not assignable to type 'ReactNode'.
src/app/venue-dashboard/edit/page.tsx(49,35): error TS2345: Argument of type '{ id: string; name: string; }[]' is not assignable to parameter of type 'string[]'.
  Type '{ id: string; name: string; }' is not assignable to type 'string'.
src/app/venue-dashboard/page.tsx(12,30): error TS2307: Cannot find module '@/services/venueService' or its corresponding type declarations.
src/app/venues/[id]/page.tsx(67,24): error TS2339: Property 'location' does not exist on type 'Venue'.
src/app/venues/[id]/page.tsx(80,26): error TS2339: Property 'pricePerHour' does not exist on type 'Venue'.
src/app/venues/[id]/page.tsx(91,31): error TS2339: Property 'imageUrl' does not exist on type 'Venue'.
src/app/venues/[id]/review/page.tsx(44,33): error TS2339: Property 'submitReview' does not exist on type 'PlayerService'.
src/app/venues/page.tsx(36,67): error TS2339: Property 'sport' does not exist on type 'Venue'.
src/components/home/HeroVenueCard.tsx(27,20): error TS2339: Property 'imageUrl' does not exist on type 'Venue'.
src/components/home/HeroVenueCard.tsx(67,20): error TS2339: Property 'sport' does not exist on type 'Venue'.
src/components/home/HeroVenueCard.tsx(79,45): error TS2339: Property 'location' does not exist on type 'Venue'.
src/components/reviews/ReviewFormModal.tsx(31,48): error TS2339: Property 'checkReviewEligibility' does not exist on type 'PlayerService'.
src/components/reviews/ReviewFormModal.tsx(50,17): error TS2353: Object literal may only specify known properties, and 'userId' does not exist in type '{ venueId: string; rating: number; comment: string; }'.
src/components/ui/VenueCard.tsx(17,22): error TS2339: Property 'image' does not exist on type 'Venue'.
src/components/venue/CourtFormModal.tsx(29,42): error TS2339: Property 'surface_type' does not exist on type 'Court'.
src/components/venue/CourtFormModal.tsx(32,38): error TS2339: Property 'capacity' does not exist on type 'Court'.
src/components/venue/RecurringFormModal.tsx(91,84): error TS2322: Type '{ id: string; name: string; }' is not assignable to type 'ReactNode'.
src/components/venues/BookingWidget.tsx(49,51): error TS2339: Property 'pricePerHour' does not exist on type 'Venue'.
src/components/venues/BookingWidget.tsx(69,20): error TS2339: Property 'imageUrl' does not exist on type 'Venue'.
src/services/mockData.ts(141,17): error TS2322: Type 'string' is not assignable to type '{ id: string; name: string; }'.
src/services/mockData.ts(141,28): error TS2322: Type 'string' is not assignable to type '{ id: string; name: string; }'.
src/services/mockData.ts(141,35): error TS2322: Type 'string' is not assignable to type '{ id: string; name: string; }'.
src/services/mockData.ts(141,46): error TS2322: Type 'string' is not assignable to type '{ id: string; name: string; }'.
src/services/mockData.ts(141,66): error TS2322: Type 'string' is not assignable to type '{ id: string; name: string; }'.
src/services/mockData.ts(141,74): error TS2322: Type 'string' is not assignable to type '{ id: string; name: string; }'.
src/services/mockData.ts(172,17): error TS2322: Type 'string' is not assignable to type '{ id: string; name: string; }'.
src/services/mockData.ts(172,28): error TS2322: Type 'string' is not assignable to type '{ id: string; name: string; }'.
src/services/mockData.ts(172,46): error TS2322: Type 'string' is not assignable to type '{ id: string; name: string; }'.
src/services/mockData.ts(199,17): error TS2322: Type 'string' is not assignable to type '{ id: string; name: string; }'.
src/services/mockData.ts(199,37): error TS2322: Type 'string' is not assignable to type '{ id: string; name: string; }'.
src/services/mockData.ts(216,5): error TS2322: Type 'string' is not assignable to type '{ id: string; name: string; }'.
src/services/mockData.ts(230,5): error TS2322: Type 'string' is not assignable to type '{ id: string; name: string; }'.
src/services/mockData.ts(244,5): error TS2322: Type 'string' is not assignable to type '{ id: string; name: string; }'.
src/services/mockData.ts(259,5): error TS2322: Type 'string' is not assignable to type '{ id: string; name: string; }'.
src/services/mockData.ts(273,5): error TS2322: Type 'string' is not assignable to type '{ id: string; name: string; }'.
src/services/mockData.ts(317,130): error TS2353: Object literal may only specify known properties, and 'image' does not exist in type '{ id: string; name: string; venue_name: string; venue_id: string; sport_type: { id: string; name: string; }; cover_image: string | null; }'.
src/services/mockData.ts(345,123): error TS2353: Object literal may only specify known properties, and 'image' does not exist in type '{ id: string; name: string; venue_name: string; venue_id: string; sport_type: { id: string; name: string; }; cover_image: string | null; }'.
src/services/mockData.ts(350,3): error TS2739: Type '{ id: string; venue_id: string; venue_name: string; venue_image: any; user_id: string; user_name: string; user_avatar: string | null; rating: number; comment: string; created_at: string; }' is missing the following properties from type 'Review': booking_id, updated_at
src/services/mockData.ts(354,33): error TS2339: Property 'images' does not exist on type 'Venue'.
src/services/mockData.ts(401,16): error TS2345: Argument of type '{ start: string; end: string; status: "available" | "booked"; price: number; }' is not assignable to parameter of type 'SlotAvailability'.
  Property 'is_peak' is missing in type '{ start: string; end: string; status: "available" | "booked"; price: number; }' but required in type 'SlotAvailability'.
